
[2026-01-20T09:48:47.061Z]
Platform: win32
CPU: AMD Ryzen 5 4500U with Radeon Graphics         
Total Memory: 7599.19 MB
Free Memory: 963.96 MB
------------------------------

[2026-01-20T09:48:52.068Z]
Platform: win32
CPU: AMD Ryzen 5 4500U with Radeon Graphics         
Total Memory: 7599.19 MB
Free Memory: 930.50 MB
------------------------------

[2026-01-20T09:48:57.073Z]
Platform: win32
CPU: AMD Ryzen 5 4500U with Radeon Graphics         
Total Memory: 7599.19 MB
Free Memory: 956.17 MB
------------------------------

[2026-01-20T09:49:02.075Z]
Platform: win32
CPU: AMD Ryzen 5 4500U with Radeon Graphics         
Total Memory: 7599.19 MB
Free Memory: 960.33 MB
------------------------------
